Linux 6.11.0-1018-azure (pkrvmqc4gcfdwos) 	08/21/25 	_x86_64_	(4 CPU)

15:18:44     CPU    %usr   %nice    %sys %iowait    %irq   %soft  %steal  %guest  %gnice   %idle
15:19:14     all   61.84    0.00   15.57    0.00    0.00    0.02    0.00    0.00    0.00   22.58
15:19:14       0   62.39    0.00   14.62    0.00    0.00    0.03    0.00    0.00    0.00   22.96
15:19:14       1   62.37    0.00   15.47    0.00    0.00    0.00    0.00    0.00    0.00   22.16
15:19:14       2   62.23    0.00   14.99    0.00    0.00    0.03    0.00    0.00    0.00   22.74
15:19:14       3   60.38    0.00   17.18    0.00    0.00    0.00    0.00    0.00    0.00   22.44

15:19:14     CPU    %usr   %nice    %sys %iowait    %irq   %soft  %steal  %guest  %gnice   %idle
15:19:44     all   57.16    0.48   13.39    0.09    0.00    0.04    0.00    0.00    0.00   28.84
15:19:44       0   57.19    0.10   12.71    0.24    0.00    0.10    0.00    0.00    0.00   29.65
15:19:44       1   55.56    0.89   15.05    0.03    0.00    0.03    0.00    0.00    0.00   28.43
15:19:44       2   58.54    0.10   13.70    0.00    0.00    0.00    0.00    0.00    0.00   27.65
15:19:44       3   57.35    0.82   12.11    0.07    0.00    0.03    0.00    0.00    0.00   29.61

15:19:44     CPU    %usr   %nice    %sys %iowait    %irq   %soft  %steal  %guest  %gnice   %idle
15:20:14     all   90.38    0.00    7.77    0.00    0.00    0.03    0.00    0.00    0.00    1.83
15:20:14       0   89.36    0.00    9.14    0.00    0.00    0.07    0.00    0.00    0.00    1.43
15:20:14       1   92.33    0.00    6.03    0.00    0.00    0.03    0.00    0.00    0.00    1.60
15:20:14       2   89.79    0.00    8.47    0.00    0.00    0.00    0.00    0.00    0.00    1.73
15:20:14       3   90.03    0.00    7.44    0.00    0.00    0.00    0.00    0.00    0.00    2.53

15:20:14     CPU    %usr   %nice    %sys %iowait    %irq   %soft  %steal  %guest  %gnice   %idle
15:20:44     all   86.17    1.68   11.96    0.00    0.00    0.03    0.00    0.00    0.00    0.15
15:20:44       0   84.69    2.00   13.00    0.00    0.00    0.07    0.00    0.00    0.00    0.23
15:20:44       1   87.08    1.50   11.21    0.00    0.00    0.03    0.00    0.00    0.00    0.17
15:20:44       2   86.45    1.33   12.11    0.00    0.00    0.00    0.00    0.00    0.00    0.10
15:20:44       3   86.47    1.90   11.50    0.00    0.00    0.03    0.00    0.00    0.00    0.10

15:20:44     CPU    %usr   %nice    %sys %iowait    %irq   %soft  %steal  %guest  %gnice   %idle
15:21:14     all   88.01    0.19   11.64    0.00    0.00    0.02    0.00    0.00    0.00    0.13
15:21:14       0   86.40    0.00   13.47    0.00    0.00    0.03    0.00    0.00    0.00    0.10
15:21:14       1   87.80    0.00   12.03    0.00    0.00    0.03    0.00    0.00    0.00    0.13
15:21:14       2   88.60    0.57   10.73    0.00    0.00    0.03    0.00    0.00    0.00    0.07
15:21:14       3   89.23    0.20   10.34    0.00    0.00    0.00    0.00    0.00    0.00    0.23

15:21:14     CPU    %usr   %nice    %sys %iowait    %irq   %soft  %steal  %guest  %gnice   %idle
15:21:44     all   85.43    0.00   13.18    0.01    0.00    0.03    0.00    0.00    0.00    1.36
15:21:44       0   86.96    0.00   11.47    0.00    0.00    0.07    0.00    0.00    0.00    1.50
15:21:44       1   84.59    0.00   13.87    0.00    0.00    0.03    0.00    0.00    0.00    1.50
15:21:44       2   84.48    0.00   13.51    0.03    0.00    0.00    0.00    0.00    0.00    1.97
15:21:44       3   85.69    0.00   13.85    0.00    0.00    0.00    0.00    0.00    0.00    0.47

15:21:44     CPU    %usr   %nice    %sys %iowait    %irq   %soft  %steal  %guest  %gnice   %idle
15:22:14     all   90.99    0.00    7.89    0.00    0.00    0.03    0.00    0.00    0.00    1.09
15:22:14       0   88.86    0.00    9.34    0.00    0.00    0.03    0.00    0.00    0.00    1.77
15:22:14       1   93.06    0.00    6.84    0.00    0.00    0.00    0.00    0.00    0.00    0.10
15:22:14       2   90.90    0.00    8.17    0.00    0.00    0.03    0.00    0.00    0.00    0.90
15:22:14       3   91.13    0.00    7.23    0.00    0.00    0.03    0.00    0.00    0.00    1.60

15:22:14     CPU    %usr   %nice    %sys %iowait    %irq   %soft  %steal  %guest  %gnice   %idle
15:22:44     all   88.79    0.00   10.96    0.01    0.00    0.12    0.00    0.00    0.00    0.12
15:22:44       0   89.54    0.00   10.20    0.00    0.00    0.20    0.00    0.00    0.00    0.07
15:22:44       1   90.33    0.00    9.27    0.00    0.00    0.23    0.00    0.00    0.00    0.17
15:22:44       2   87.23    0.00   12.70    0.00    0.00    0.00    0.00    0.00    0.00    0.07
15:22:44       3   88.07    0.00   11.67    0.03    0.00    0.03    0.00    0.00    0.00    0.20

15:22:44     CPU    %usr   %nice    %sys %iowait    %irq   %soft  %steal  %guest  %gnice   %idle
15:23:14     all   31.82    0.00    2.20    0.00    0.00    0.01    0.00    0.00    0.00   65.97
15:23:14       0   10.31    0.00    3.34    0.00    0.00    0.03    0.00    0.00    0.00   86.32
15:23:14       1   11.52    0.00    1.14    0.00    0.00    0.00    0.00    0.00    0.00   87.34
15:23:14       2   73.29    0.00    1.77    0.00    0.00    0.00    0.00    0.00    0.00   24.94
15:23:14       3   32.11    0.00    2.57    0.00    0.00    0.00    0.00    0.00    0.00   65.32

15:23:14     CPU    %usr   %nice    %sys %iowait    %irq   %soft  %steal  %guest  %gnice   %idle
15:23:44     all   61.62    0.00    7.85    0.00    0.00    0.00    0.00    0.00    0.00   30.53
15:23:44       0   61.40    0.00    7.67    0.00    0.00    0.00    0.00    0.00    0.00   30.93
15:23:44       1   55.41    0.00    7.58    0.00    0.00    0.00    0.00    0.00    0.00   37.02
15:23:44       2   54.20    0.00    7.81    0.00    0.00    0.00    0.00    0.00    0.00   37.99
15:23:44       3   75.46    0.00    8.34    0.00    0.00    0.00    0.00    0.00    0.00   16.21

Average:     CPU    %usr   %nice    %sys %iowait    %irq   %soft  %steal  %guest  %gnice   %idle
Average:     all   74.28    0.23   10.23    0.01    0.00    0.03    0.00    0.00    0.00   15.22
Average:       0   71.76    0.21   10.49    0.02    0.00    0.06    0.00    0.00    0.00   17.46
Average:       1   72.07    0.24    9.83    0.00    0.00    0.04    0.00    0.00    0.00   17.82
Average:       2   77.63    0.20   10.39    0.00    0.00    0.01    0.00    0.00    0.00   11.77
Average:       3   75.65    0.29   10.21    0.01    0.00    0.01    0.00    0.00    0.00   13.83
