Linux 6.12.0-89.el10.ppc64le (prodUsSouth4-76033065-538746-48524204989) 	08/21/25 	_ppc64le_	(192 CPU)

15:18:43     CPU    %usr   %nice    %sys %iowait    %irq   %soft  %steal  %guest  %gnice   %idle
15:19:13     all   29.58    0.02    8.21    0.00   11.01    0.01    0.63    0.00    0.00   50.54
15:19:13       8   38.57    0.03    6.65    0.00    4.53    0.03    1.52    0.00    0.00   48.66
15:19:13      20   28.69    0.07    6.96    0.00    8.72    0.00    0.30    0.00    0.00   55.27
15:19:13      21   22.99    0.00    9.68    0.00   16.29    0.00    0.34    0.00    0.00   50.70
15:19:13      23   27.96    0.00    9.56    0.00   14.60    0.00    0.37    0.00    0.00   47.52

15:19:13     CPU    %usr   %nice    %sys %iowait    %irq   %soft  %steal  %guest  %gnice   %idle
15:19:43     all   36.17    0.03    4.81    0.07    6.86    0.00    0.20    0.00    0.00   51.86
15:19:43      21   36.17    0.03    4.81    0.07    6.86    0.00    0.20    0.00    0.00   51.86

15:19:43     CPU    %usr   %nice    %sys %iowait    %irq   %soft  %steal  %guest  %gnice   %idle
15:20:13     all   85.65    0.00   10.98    0.00    2.35    0.02    0.11    0.00    0.00    0.90
15:20:13       9   88.55    0.00    8.36    0.00    1.93    0.00    0.37    0.00    0.00    0.80
15:20:13      16   88.33    0.00    8.87    0.00    1.73    0.03    0.00    0.00    0.00    1.03
15:20:13      19   85.38    0.00   11.30    0.00    2.39    0.00    0.03    0.00    0.00    0.90
15:20:13      21   80.35    0.00   15.39    0.00    3.32    0.03    0.03    0.00    0.00    0.86

15:20:13     CPU    %usr   %nice    %sys %iowait    %irq   %soft  %steal  %guest  %gnice   %idle
15:20:43     all   81.90    0.00   13.17    0.00    3.30    0.02    0.14    0.00    0.00    1.46
15:20:43       9   86.12    0.00    9.26    0.00    2.42    0.00    0.53    0.00    0.00    1.66
15:20:43      16   85.83    0.00    9.34    0.00    3.29    0.00    0.03    0.00    0.00    1.50
15:20:43      19   81.02    0.00   14.44    0.00    3.15    0.03    0.00    0.00    0.00    1.36
15:20:43      21   74.65    0.00   19.63    0.00    4.32    0.07    0.00    0.00    0.00    1.33

15:20:43     CPU    %usr   %nice    %sys %iowait    %irq   %soft  %steal  %guest  %gnice   %idle
15:21:13     all   86.70    0.00   10.65    0.00    1.92    0.04    0.11    0.00    0.00    0.58
15:21:13       9   88.11    0.00    8.46    0.00    1.60    0.07    0.37    0.00    0.00    1.40
15:21:13      16   91.91    0.00    6.56    0.00    1.33    0.00    0.00    0.00    0.00    0.20
15:21:13      19   87.23    0.00   10.47    0.00    1.83    0.03    0.03    0.00    0.00    0.40
15:21:13      21   79.53    0.00   17.13    0.00    2.90    0.07    0.03    0.00    0.00    0.33

15:21:13     CPU    %usr   %nice    %sys %iowait    %irq   %soft  %steal  %guest  %gnice   %idle
15:21:43     all   92.26    0.00    5.51    0.00    1.83    0.01    0.07    0.00    0.00    0.32
15:21:43       9   90.96    0.00    5.94    0.00    1.73    0.00    0.30    0.00    0.00    1.07
15:21:43      16   94.44    0.00    4.50    0.00    1.07    0.00    0.00    0.00    0.00    0.00
15:21:43      19   93.90    0.00    4.66    0.00    1.33    0.00    0.00    0.00    0.00    0.10
15:21:43      21   89.73    0.00    6.93    0.00    3.20    0.03    0.00    0.00    0.00    0.10

15:21:43     CPU    %usr   %nice    %sys %iowait    %irq   %soft  %steal  %guest  %gnice   %idle
15:22:13     all   38.63    0.00    1.31    0.00    0.46    0.00    0.08    0.00    0.00   59.53
15:22:13       9   82.61    0.00    1.60    0.00    0.73    0.00    0.10    0.00    0.00   14.95
15:22:13      16   31.08    0.00    1.54    0.00    0.53    0.00    0.07    0.00    0.00   66.78
15:22:13      19   18.64    0.00    1.36    0.00    0.40    0.00    0.07    0.00    0.00   79.53
15:22:13      21   22.26    0.00    0.73    0.00    0.17    0.00    0.07    0.00    0.00   76.77

15:22:13     CPU    %usr   %nice    %sys %iowait    %irq   %soft  %steal  %guest  %gnice   %idle
15:22:43     all   24.91    0.00    0.20    0.00    0.20    0.00    0.08    0.00    0.00   74.60
15:22:43       9   73.90    0.00    0.27    0.00    0.23    0.00    0.07    0.00    0.00   25.54
15:22:43      16   17.54    0.00    0.10    0.00    0.27    0.00    0.10    0.00    0.00   81.99
15:22:43      19    4.27    0.00    0.23    0.00    0.13    0.00    0.10    0.00    0.00   95.26
15:22:43      21    3.73    0.00    0.20    0.00    0.17    0.00    0.07    0.00    0.00   95.83

15:22:43     CPU    %usr   %nice    %sys %iowait    %irq   %soft  %steal  %guest  %gnice   %idle
15:23:13     all    3.69    0.00    0.26    0.01    0.10    0.00    0.09    0.00    0.00   95.86
15:23:13       9    6.88    0.00    0.33    0.00    0.07    0.00    0.07    0.00    0.00   92.66
15:23:13      16    4.54    0.00    0.17    0.03    0.10    0.00    0.10    0.00    0.00   95.06
15:23:13      19    1.13    0.00    0.33    0.00    0.13    0.00    0.10    0.00    0.00   98.30
15:23:13      21    2.20    0.00    0.20    0.00    0.10    0.00    0.10    0.00    0.00   97.40

15:23:13     CPU    %usr   %nice    %sys %iowait    %irq   %soft  %steal  %guest  %gnice   %idle
15:23:43     all    0.86    0.00    0.37    0.00    0.15    0.04    0.09    0.00    0.00   98.49
15:23:43       9    1.60    0.00    0.30    0.00    0.33    0.03    0.13    0.00    0.00   97.60
15:23:43      16    0.57    0.00    0.23    0.00    0.07    0.00    0.07    0.00    0.00   99.07
15:23:43      19    0.43    0.00    0.20    0.00    0.07    0.00    0.10    0.00    0.00   99.20
15:23:43      21    0.83    0.00    0.73    0.00    0.13    0.13    0.07    0.00    0.00   98.11

Average:     CPU    %usr   %nice    %sys %iowait    %irq   %soft  %steal  %guest  %gnice   %idle
Average:     all   39.07    0.01    7.59    0.01    5.02    0.03    0.24    0.00    0.00   48.05
Average:       8   38.57    0.03    6.65    0.00    4.53    0.03    1.52    0.00    0.00   48.66
Average:      20   28.69    0.07    6.96    0.00    8.72    0.00    0.30    0.00    0.00   55.27
Average:      21   41.26    0.00    7.55    0.01    3.74    0.03    0.09    0.00    0.00   47.32
Average:      23   27.96    0.00    9.56    0.00   14.60    0.00    0.37    0.00    0.00   47.52
