Linux 6.11.0-1015-azure (runnervmdbl46) 	08/21/25 	_aarch64_	(4 CPU)

avg-cpu:  %user   %nice %system %iowait  %steal   %idle
           2.23    0.01    0.46    0.48    0.00   96.83

Device            r/s     rkB/s   rrqm/s  %rrqm r_await rareq-sz     w/s     wkB/s   wrqm/s  %wrqm w_await wareq-sz     d/s     dkB/s   drqm/s  %drqm d_await dareq-sz     f/s f_await  aqu-sz  %util
loop0            0.00      0.00     0.00   0.00    0.18     1.27    0.00      0.00     0.00   0.00    0.00     0.00    0.00      0.00     0.00   0.00    0.00     0.00    0.00    0.00    0.00   0.00
nvme0n1          0.06      1.28     0.00   0.00    0.02    21.97    0.00      0.00     0.00   0.00    0.00     0.00    0.00      0.00     0.00   0.00    0.00     0.00    0.00    0.00    0.00   0.00
sda              6.36    248.69     2.28  26.40    3.18    39.10    5.16   1139.09    17.46  77.18   55.47   220.72    0.66  20163.27     0.44  39.84    2.50 30598.03    0.00    0.00    0.31   2.16


avg-cpu:  %user   %nice %system %iowait  %steal   %idle
          46.19    0.22   11.44    1.20    0.00   40.95

Device            r/s     rkB/s   rrqm/s  %rrqm r_await rareq-sz     w/s     wkB/s   wrqm/s  %wrqm w_await wareq-sz     d/s     dkB/s   drqm/s  %drqm d_await dareq-sz     f/s f_await  aqu-sz  %util
loop0            0.00      0.00     0.00   0.00    0.00     0.00    0.00      0.00     0.00   0.00    0.00     0.00    0.00      0.00     0.00   0.00    0.00     0.00    0.00    0.00    0.00   0.00
nvme0n1          0.00      0.00     0.00   0.00    0.00     0.00    0.00      0.00     0.00   0.00    0.00     0.00    0.00      0.00     0.00   0.00    0.00     0.00    0.00    0.00    0.00   0.00
sda              1.93     62.67     1.00  34.09    2.72    32.41   29.90   8689.87   115.67  79.46   39.94   290.63   11.50    441.87     0.10   0.86    2.24    38.42    0.00    0.00    1.23   7.57


avg-cpu:  %user   %nice %system %iowait  %steal   %idle
          82.86    0.00   11.64    0.99    0.00    4.51

Device            r/s     rkB/s   rrqm/s  %rrqm r_await rareq-sz     w/s     wkB/s   wrqm/s  %wrqm w_await wareq-sz     d/s     dkB/s   drqm/s  %drqm d_await dareq-sz     f/s f_await  aqu-sz  %util
loop0            0.00      0.00     0.00   0.00    0.00     0.00    0.00      0.00     0.00   0.00    0.00     0.00    0.00      0.00     0.00   0.00    0.00     0.00    0.00    0.00    0.00   0.00
nvme0n1          0.00      0.00     0.00   0.00    0.00     0.00    0.00      0.00     0.00   0.00    0.00     0.00    0.00      0.00     0.00   0.00    0.00     0.00    0.00    0.00    0.00   0.00
sda              1.87      7.46     0.00   0.00    3.27     4.00   56.95   8007.33    64.48  53.10   70.73   140.61   17.66  35870.58     0.30   1.67    2.52  2031.09    0.00    0.00    4.08  14.17


avg-cpu:  %user   %nice %system %iowait  %steal   %idle
          88.99    0.88    7.20    0.58    0.00    2.35

Device            r/s     rkB/s   rrqm/s  %rrqm r_await rareq-sz     w/s     wkB/s   wrqm/s  %wrqm w_await wareq-sz     d/s     dkB/s   drqm/s  %drqm d_await dareq-sz     f/s f_await  aqu-sz  %util
loop0            0.00      0.00     0.00   0.00    0.00     0.00    0.00      0.00     0.00   0.00    0.00     0.00    0.00      0.00     0.00   0.00    0.00     0.00    0.00    0.00    0.00   0.00
nvme0n1          0.00      0.00     0.00   0.00    0.00     0.00    0.00      0.00     0.00   0.00    0.00     0.00    0.00      0.00     0.00   0.00    0.00     0.00    0.00    0.00    0.00   0.00
sda              4.73    360.27     3.87  44.96    4.54    76.11   28.80    981.60    35.87  55.46    2.67    34.08   74.87 159711.07     2.73   3.52    2.46  2133.27    0.00    0.00    0.28  20.68


avg-cpu:  %user   %nice %system %iowait  %steal   %idle
          83.10    0.33   12.39    0.46    0.00    3.72

Device            r/s     rkB/s   rrqm/s  %rrqm r_await rareq-sz     w/s     wkB/s   wrqm/s  %wrqm w_await wareq-sz     d/s     dkB/s   drqm/s  %drqm d_await dareq-sz     f/s f_await  aqu-sz  %util
loop0            0.00      0.00     0.00   0.00    0.00     0.00    0.00      0.00     0.00   0.00    0.00     0.00    0.00      0.00     0.00   0.00    0.00     0.00    0.00    0.00    0.00   0.00
nvme0n1          0.00      0.00     0.00   0.00    0.00     0.00    0.00      0.00     0.00   0.00    0.00     0.00    0.00      0.00     0.00   0.00    0.00     0.00    0.00    0.00    0.00   0.00
sda              3.37    376.93     0.00   0.00    5.61   111.96   23.27    627.60    26.00  52.77    3.20    26.97   37.97   5808.00     0.60   1.56    2.53   152.98    0.00    0.00    0.19  11.27


avg-cpu:  %user   %nice %system %iowait  %steal   %idle
          67.28    0.00    4.10    0.18    0.00   28.44

Device            r/s     rkB/s   rrqm/s  %rrqm r_await rareq-sz     w/s     wkB/s   wrqm/s  %wrqm w_await wareq-sz     d/s     dkB/s   drqm/s  %drqm d_await dareq-sz     f/s f_await  aqu-sz  %util
loop0            0.00      0.00     0.00   0.00    0.00     0.00    0.00      0.00     0.00   0.00    0.00     0.00    0.00      0.00     0.00   0.00    0.00     0.00    0.00    0.00    0.00   0.00
nvme0n1          0.00      0.00     0.00   0.00    0.00     0.00    0.00      0.00     0.00   0.00    0.00     0.00    0.00      0.00     0.00   0.00    0.00     0.00    0.00    0.00    0.00   0.00
sda              0.20      6.80     0.00   0.00    4.50    34.00   19.13    169.73     0.67   3.37    1.45     8.87    3.30   2793.73     0.33   9.17    2.81   846.59    0.00    0.00    0.04   2.79


avg-cpu:  %user   %nice %system %iowait  %steal   %idle
          25.35    0.00    0.38    1.35    0.00   72.92

Device            r/s     rkB/s   rrqm/s  %rrqm r_await rareq-sz     w/s     wkB/s   wrqm/s  %wrqm w_await wareq-sz     d/s     dkB/s   drqm/s  %drqm d_await dareq-sz     f/s f_await  aqu-sz  %util
loop0            0.00      0.00     0.00   0.00    0.00     0.00    0.00      0.00     0.00   0.00    0.00     0.00    0.00      0.00     0.00   0.00    0.00     0.00    0.00    0.00    0.00   0.00
nvme0n1          0.00      0.00     0.00   0.00    0.00     0.00    0.00      0.00     0.00   0.00    0.00     0.00    0.00      0.00     0.00   0.00    0.00     0.00    0.00    0.00    0.00   0.00
sda              0.00      0.00     0.00   0.00    0.00     0.00    0.60    109.07    11.60  95.08    3.39   181.78   22.13   2381.33     0.27   1.19    2.44   107.59    0.00    0.00    0.06   5.47
