Linux 6.11.0-1015-azure (runnervmdbl46) 	08/21/25 	_aarch64_	(4 CPU)

15:18:04     CPU    %usr   %nice    %sys %iowait    %irq   %soft  %steal  %guest  %gnice   %idle
15:18:34     all   46.19    0.22   11.41    1.20    0.00    0.03    0.00    0.00    0.00   40.96
15:18:34       0   52.11    0.00   11.11    0.40    0.00    0.00    0.00    0.00    0.00   36.38
15:18:34       1   44.98    0.03   10.67    1.14    0.00    0.07    0.00    0.00    0.00   43.11
15:18:34       2   44.12    0.30   11.66    1.44    0.00    0.03    0.00    0.00    0.00   42.44
15:18:34       3   43.55    0.54   12.20    1.81    0.00    0.00    0.00    0.00    0.00   41.90

15:18:34     CPU    %usr   %nice    %sys %iowait    %irq   %soft  %steal  %guest  %gnice   %idle
15:19:04     all   82.86    0.00   11.57    0.99    0.00    0.08    0.00    0.00    0.00    4.50
15:19:04       0   82.49    0.00   12.30    1.80    0.00    0.03    0.00    0.00    0.00    3.38
15:19:04       1   80.86    0.00   12.06    0.20    0.00    0.23    0.00    0.00    0.00    6.65
15:19:04       2   86.11    0.00   11.02    1.04    0.00    0.00    0.00    0.00    0.00    1.84
15:19:04       3   81.97    0.00   10.91    0.94    0.00    0.03    0.00    0.00    0.00    6.16

15:19:04     CPU    %usr   %nice    %sys %iowait    %irq   %soft  %steal  %guest  %gnice   %idle
15:19:34     all   88.98    0.88    7.16    0.58    0.00    0.05    0.00    0.00    0.00    2.35
15:19:34       0   88.38    0.53    8.04    0.13    0.00    0.03    0.00    0.00    0.00    2.87
15:19:34       1   92.18    0.23    5.41    0.03    0.00    0.13    0.00    0.00    0.00    2.01
15:19:34       2   84.57    1.43    7.83    1.77    0.00    0.00    0.00    0.00    0.00    4.40
15:19:34       3   90.80    1.33    7.34    0.37    0.00    0.03    0.00    0.00    0.00    0.13

15:19:34     CPU    %usr   %nice    %sys %iowait    %irq   %soft  %steal  %guest  %gnice   %idle
15:20:04     all   83.10    0.33   12.34    0.45    0.00    0.04    0.00    0.00    0.00    3.73
15:20:04       0   80.19    0.77   13.98    0.60    0.00    0.03    0.00    0.00    0.00    4.42
15:20:04       1   86.03    0.00   10.73    0.77    0.00    0.10    0.00    0.00    0.00    2.37
15:20:04       2   83.44    0.50   12.38    0.33    0.00    0.03    0.00    0.00    0.00    3.30
15:20:04       3   82.75    0.07   12.27    0.10    0.00    0.00    0.00    0.00    0.00    4.81

15:20:04     CPU    %usr   %nice    %sys %iowait    %irq   %soft  %steal  %guest  %gnice   %idle
15:20:34     all   67.30    0.00    4.08    0.18    0.00    0.03    0.00    0.00    0.00   28.42
15:20:34       0   63.82    0.00    5.11    0.07    0.00    0.03    0.00    0.00    0.00   30.97
15:20:34       1   60.53    0.00    3.24    0.40    0.00    0.03    0.00    0.00    0.00   35.80
15:20:34       2   58.88    0.00    2.97    0.00    0.00    0.00    0.00    0.00    0.00   38.15
15:20:34       3   85.96    0.00    5.00    0.23    0.00    0.03    0.00    0.00    0.00    8.77

15:20:34     CPU    %usr   %nice    %sys %iowait    %irq   %soft  %steal  %guest  %gnice   %idle
15:21:04     all   25.33    0.00    0.38    1.35    0.00    0.01    0.00    0.00    0.00   72.94
15:21:04       0    0.80    0.00    0.30    0.00    0.00    0.00    0.00    0.00    0.00   98.90
15:21:04       1    0.73    0.00    0.27    0.37    0.00    0.03    0.00    0.00    0.00   98.60
15:21:04       2    0.73    0.00    0.23    5.04    0.00    0.00    0.00    0.00    0.00   94.00
15:21:04       3   99.03    0.00    0.70    0.00    0.00    0.00    0.00    0.00    0.00    0.27
