+ nproc
4
+ uptime
 15:18:04 up  1:09,  0 user,  load average: 2.53, 1.46, 0.59
+ free -h
               total        used        free      shared  buff/cache   available
Mem:            15Gi       992Mi        10Gi        51Mi       4.5Gi        14Gi
Swap:          3.0Gi          0B       3.0Gi
+ df -hT
Filesystem     Type      Size  Used Avail Use% Mounted on
/dev/root      ext4       72G   26G   47G  35% /
tmpfs          tmpfs     7.8G  100K  7.8G   1% /dev/shm
tmpfs          tmpfs     3.2G  1.1M  3.2G   1% /run
tmpfs          tmpfs     5.0M     0  5.0M   0% /run/lock
efivarfs       efivarfs  128M   13K  128M   1% /sys/firmware/efi/efivars
/dev/sda16     ext4      891M   58M  771M   7% /boot
/dev/sda15     vfat       98M  6.4M   92M   7% /boot/efi
tmpfs          tmpfs     1.6G   16K  1.6G   1% /run/user/1001
+ df .
Filesystem     1K-blocks     Used Available Use% Mounted on
/dev/root       75085112 26220664  48848064  35% /
