Linux 5.15.0-138-generic (lxdZ6-76033065-538746-48595482771) 	08/21/25 	_s390x_	(8 CPU)

15:17:54     CPU    %usr   %nice    %sys %iowait    %irq   %soft  %steal  %guest  %gnice   %idle
15:18:24     all   46.70    0.00   11.84    0.10    1.02    0.12    1.46    0.00    0.00   38.77
15:18:24       0   47.47    0.00   10.17    0.00    0.90    0.10    1.20    0.00    0.00   40.17
15:18:24       1   47.42    0.00   12.16    0.00    1.07    0.13    1.73    0.00    0.00   37.49
15:18:24       6   47.25    0.00   12.24    0.40    1.07    0.13    1.27    0.00    0.00   37.65
15:18:24       7   44.65    0.00   12.80    0.00    1.03    0.10    1.63    0.00    0.00   39.78

15:18:24     CPU    %usr   %nice    %sys %iowait    %irq   %soft  %steal  %guest  %gnice   %idle
15:18:54     all   69.12    0.00    6.97    0.01    0.39    0.12    1.58    0.00    0.00   21.82
15:18:54       0   67.68    0.00    6.97    0.00    0.37    0.10    1.30    0.00    0.00   23.58
15:18:54       1   72.10    0.00    7.00    0.03    0.40    0.10    2.10    0.00    0.00   18.27
15:18:54       6   69.40    0.00    6.83    0.00    0.40    0.13    1.33    0.00    0.00   21.90
15:18:54       7   67.31    0.00    7.06    0.00    0.40    0.13    1.57    0.00    0.00   23.53

15:18:54     CPU    %usr   %nice    %sys %iowait    %irq   %soft  %steal  %guest  %gnice   %idle
15:19:24     all   91.45    0.00    5.69    0.01    0.18    0.10    2.07    0.00    0.00    0.50
15:19:24       0   91.40    0.00    6.10    0.00    0.20    0.10    1.87    0.00    0.00    0.33
15:19:24       1   91.47    0.00    5.50    0.00    0.20    0.10    2.43    0.00    0.00    0.30
15:19:24       6   91.63    0.00    5.70    0.00    0.17    0.10    1.53    0.00    0.00    0.87
15:19:24       7   91.30    0.00    5.47    0.03    0.17    0.10    2.43    0.00    0.00    0.50

15:19:24     CPU    %usr   %nice    %sys %iowait    %irq   %soft  %steal  %guest  %gnice   %idle
15:19:54     all   91.12    0.00    6.29    0.00    0.11    0.13    1.88    0.00    0.00    0.47
15:19:54       0   89.93    0.00    7.10    0.00    0.10    0.17    2.13    0.00    0.00    0.57
15:19:54       1   91.83    0.00    6.64    0.00    0.10    0.13    0.63    0.00    0.00    0.67
15:19:54       6   92.73    0.00    5.27    0.00    0.13    0.10    1.37    0.00    0.00    0.40
15:19:54       7   90.00    0.00    6.17    0.00    0.10    0.10    3.40    0.00    0.00    0.23

15:19:54     CPU    %usr   %nice    %sys %iowait    %irq   %soft  %steal  %guest  %gnice   %idle
15:20:24     all   88.31    0.00    8.97    0.00    0.13    0.17    1.94    0.00    0.00    0.48
15:20:24       0   90.21    0.00    8.03    0.00    0.13    0.10    1.40    0.00    0.00    0.13
15:20:24       1   87.74    0.00    9.80    0.00    0.13    0.20    1.17    0.00    0.00    0.97
15:20:24       6   88.24    0.00    8.79    0.00    0.13    0.20    2.13    0.00    0.00    0.50
15:20:24       7   87.04    0.00    9.26    0.00    0.13    0.17    3.06    0.00    0.00    0.33

15:20:24     CPU    %usr   %nice    %sys %iowait    %irq   %soft  %steal  %guest  %gnice   %idle
15:20:54     all   76.49    0.00    7.66    0.00    0.16    0.13    1.26    0.00    0.00   14.30
15:20:54       0   78.95    0.00    7.81    0.00    0.20    0.13    1.53    0.00    0.00   11.37
15:20:54       1   81.59    0.00    7.40    0.00    0.10    0.10    1.27    0.00    0.00    9.54
15:20:54       6   75.11    0.00    7.73    0.00    0.17    0.17    0.97    0.00    0.00   15.86
15:20:54       7   70.32    0.00    7.70    0.00    0.17    0.13    1.27    0.00    0.00   20.41

15:20:54     CPU    %usr   %nice    %sys %iowait    %irq   %soft  %steal  %guest  %gnice   %idle
15:21:24     all   24.52    0.00    0.20    0.00    0.04    0.02    0.57    0.00    0.00   74.65
15:21:24       0    0.57    0.00    0.13    0.00    0.03    0.03    0.03    0.00    0.00   99.20
15:21:24       1   82.61    0.00    0.23    0.00    0.10    0.03    2.03    0.00    0.00   14.99
15:21:24       6    0.13    0.00    0.40    0.00    0.00    0.00    0.00    0.00    0.00   99.47
15:21:24       7   14.73    0.00    0.03    0.00    0.03    0.00    0.20    0.00    0.00   85.00

15:21:24     CPU    %usr   %nice    %sys %iowait    %irq   %soft  %steal  %guest  %gnice   %idle
15:21:54     all   24.38    0.00    0.20    0.00    0.03    0.00    0.73    0.00    0.00   74.67
15:21:54       0    0.60    0.00    0.10    0.00    0.03    0.00    0.03    0.00    0.00   99.23
15:21:54       1    0.00    0.00    0.03    0.00    0.00    0.00    0.00    0.00    0.00   99.97
15:21:54       6    0.13    0.00    0.40    0.00    0.00    0.00    0.03    0.00    0.00   99.43
15:21:54       7   96.80    0.00    0.27    0.00    0.07    0.00    2.83    0.00    0.00    0.03

15:21:54     CPU    %usr   %nice    %sys %iowait    %irq   %soft  %steal  %guest  %gnice   %idle
15:22:24     all   23.98    0.00    0.21    0.00    0.04    0.03    1.08    0.00    0.00   74.66
15:22:24       0    0.20    0.00    0.10    0.00    0.03    0.03    0.00    0.00    0.00   99.63
15:22:24       1    0.30    0.00    0.07    0.00    0.03    0.03    0.00    0.00    0.00   99.57
15:22:24       6    0.13    0.00    0.40    0.00    0.03    0.00    0.00    0.00    0.00   99.43
15:22:24       7   95.27    0.00    0.27    0.00    0.07    0.03    4.33    0.00    0.00    0.03

15:22:24     CPU    %usr   %nice    %sys %iowait    %irq   %soft  %steal  %guest  %gnice   %idle
15:22:54     all   60.34    0.01    4.80    0.00    0.07    0.07    1.01    0.00    0.00   33.71
15:22:54       0   49.45    0.03    4.40    0.00    0.07    0.07    0.93    0.00    0.00   45.05
15:22:54       1   63.31    0.00    5.33    0.00    0.07    0.07    1.40    0.00    0.00   29.82
15:22:54       6   49.47    0.00    5.27    0.00    0.07    0.07    0.97    0.00    0.00   44.17
15:22:54       7   79.14    0.00    4.20    0.00    0.07    0.07    0.73    0.00    0.00   15.79

Average:     CPU    %usr   %nice    %sys %iowait    %irq   %soft  %steal  %guest  %gnice   %idle
Average:     all   59.64    0.00    5.28    0.01    0.22    0.09    1.36    0.00    0.00   33.40
Average:       0   51.65    0.00    5.09    0.00    0.21    0.08    1.04    0.00    0.00   41.93
Average:       1   61.84    0.00    5.42    0.00    0.22    0.09    1.28    0.00    0.00   31.15
Average:       6   51.43    0.00    5.30    0.04    0.22    0.09    0.96    0.00    0.00   41.96
Average:       7   73.66    0.00    5.32    0.00    0.22    0.08    2.15    0.00    0.00   18.56
