 + nproc
4
+ uptime
 15:17:54 up 3 min,  0 user,  load average: 6.69, 3.27, 1.35
+ free -h
               total        used        free      shared  buff/cache   available
Mem:            14Gi       338Mi        12Gi       220Ki       1.8Gi        14Gi
Swap:             0B          0B          0B
+ df -hT
Filesystem     Type           Size  Used Avail Use% Mounted on
/dev/vdb       btrfs          200G   30G  168G  16% /
+ df .
none           tmpfs          492K  4.0K  488K   1% /dev
tmpfs          tmpfs          100K     0  100K   0% /dev/lxd
tmpfs          tmpfs          100K     0  100K   0% /dev/.lxd-mounts
tmpfs          tmpfs           16G     0   16G   0% /dev/shm
tmpfs          tmpfs          6.3G  216K  6.3G   1% /run
tmpfs          tmpfs          5.0M     0  5.0M   0% /run/lock
snapfuse       fuse.snapfuse   45M   45M     0 100% /snap/snapd/24786
snapfuse       fuse.snapfuse   66M   66M     0 100% /snap/core22/2046
snapfuse       fuse.snapfuse  101M  101M     0 100% /snap/lxd/33109
Filesystem     1K-blocks     Used Available Use% Mounted on
/dev/vdb       209715200 31133144 175452008  16% /
